Arguments: 
  C:\Program Files\nodejs\node.exe C:\Users\bjnng\AppData\Roaming\npm\node_modules\yarn\bin\yarn.js add @tinymce/tinymce-react'

PATH: 
  C:\Program Files\Common Files\Oracle\Java\javapath;C:\Python39\Scripts\;C:\Python39\;C:\Windows\system32;C:\Windows;C:\Windows\System32\Wbem;C:\Windows\System32\WindowsPowerShell\v1.0\;C:\Windows\System32\OpenSSH\;C:\Program Files\NVIDIA Corporation\NVIDIA NvDLISR;C:\Program Files (x86)\NVIDIA Corporation\PhysX\Common;C:\Program Files\TortoiseSVN\bin;C:\Program Files\dotnet\;C:\Program Files\Microsoft SQL Server\130\Tools\Binn\;C:\Program Files\Microsoft SQL Server\Client SDK\ODBC\170\Tools\Binn\;C:\Program Files (x86)\dotnet\;C:\Program Files (x86)\Microsoft SQL Server\150\DTS\Binn\;C:\Program Files\Azure Data Studio\bin;C:\ProgramData\chocolatey\bin;C:\Program Files\Git\cmd;C:\Program Files\nodejs\;C:\Users\bjnng\AppData\Local\Microsoft\WindowsApps;C:\Users\bjnng\AppData\Local\Programs\Microsoft VS Code\bin;C:\Users\bjnng\.dotnet\tools;C:\Program Files\Azure Data Studio\bin;C:\Users\bjnng\AppData\Local\Android\Sdk\platform-tools;C:\Users\bjnng\AppData\Roaming\npm

Yarn version: 
  1.22.10

Node version: 
  14.17.0

Platform: 
  win32 x64

Trace: 
  Error: https://registry.yarnpkg.com/@tinymce%2ftinymce-react%27: Not found
      at Request.params.callback [as _callback] (C:\Users\bjnng\AppData\Roaming\npm\node_modules\yarn\lib\cli.js:66988:18)
      at Request.self.callback (C:\Users\bjnng\AppData\Roaming\npm\node_modules\yarn\lib\cli.js:140662:22)
      at Request.emit (events.js:376:20)
      at Request.<anonymous> (C:\Users\bjnng\AppData\Roaming\npm\node_modules\yarn\lib\cli.js:141634:10)
      at Request.emit (events.js:376:20)
      at IncomingMessage.<anonymous> (C:\Users\bjnng\AppData\Roaming\npm\node_modules\yarn\lib\cli.js:141556:12)
      at Object.onceWrapper (events.js:482:28)
      at IncomingMessage.emit (events.js:388:22)
      at endReadableNT (internal/streams/readable.js:1336:12)
      at processTicksAndRejections (internal/process/task_queues.js:82:21)

npm manifest: 
  {
    "name": "admincenter",
    "version": "1.0.0",
    "private": true,
    "main": "index.js",
    "repository": {
      "type": "git",
      "url": "git+https://github.com/creativetimofficial/argon-dashboard-react.git"
    },
    "keywords": [
      "react",
      "reactjs",
      "argon",
      "argon-react",
      "dashboard",
      "dashboard-react",
      "argon-dashboard",
      "argon-dashboard-react"
    ],
    "author": "Laco",
    "license": "MIT",
    "bugs": {
      "url": "https://github.com/creativetimofficial/argon-dashboard-react/issues"
    },
    "homepage": "http://txng-fe-v1.isopro.vn",
    "scripts": {
      "start": "set PORT=5000 && react-scripts start",
      "build": "react-scripts build",
      "test": "react-scripts test",
      "eject": "react-scripts eject",
      "install:clean": "rm -rf node_modules/ && rm -rf package-lock.json && npm install && npm start",
      "compile:scss": "node-sass --importer node_modules/node-sass-package-importer/dist/cli.js src/assets/scss/argon-dashboard-react.scss src/assets/css/argon-dashboard-react.css",
      "minify:scss": "node-sass --importer node_modules/node-sass-package-importer/dist/cli.js src/assets/scss/argon-dashboard-react.scss src/assets/css/argon-dashboard-react.min.css --output-style compressed",
      "map:scss": "node-sass --importer node_modules/node-sass-package-importer/dist/cli.js src/assets/scss/argon-dashboard-react.scss src/assets/css/argon-dashboard-react.css --source-map true",
      "build:scss": "npm run compile:scss && npm run minify:scss && npm run map:scss"
    },
    "eslintConfig": {
      "extends": "react-app"
    },
    "browserslist": [
      ">0.2%",
      "not dead",
      "not ie <= 11",
      "not op_mini all"
    ],
    "dependencies": {
      "@fortawesome/fontawesome-free": "5.15.3",
      "axios": "^0.21.1",
      "bootstrap": "4.6.0",
      "bootstrap-react-treetable": "^2.0.2",
      "chart.js": "2.9.4",
      "classnames": "2.3.1",
      "moment": "2.29.1",
      "node-sass": "6.0.1",
      "node-sass-package-importer": "5.3.2",
      "nouislider": "15.2.0",
      "react": "17.0.2",
      "react-chartjs-2": "2.11.1",
      "react-copy-to-clipboard": "5.0.3",
      "react-datetime": "3.0.4",
      "react-dom": "17.0.2",
      "react-paginate": "^7.1.3",
      "react-redux": "^5.0.6",
      "react-router-dom": "5.2.0",
      "react-router-redux": "^5.0.0-alpha.8",
      "react-validate-form": "^1.0.7",
      "reactstrap": "8.9.0",
      "recompose": "^0.30.0",
      "redux": "^3.7.2",
      "redux-thunk": "^2.2.0"
    },
    "devDependencies": {
      "ajv": "^6.0.0",
      "babel-eslint": "^10.0.1",
      "cross-env": "^5.2.0",
      "css-loader": "^6.2.0",
      "gulp": "4.0.2",
      "gulp-append-prepend": "1.0.9",
      "react-scripts": "^4.0.3",
      "redux-logger": "^3.0.6"
    },
    "optionalDependencies": {
      "eslint-plugin-flowtype": "5.8.0",
      "jquery": "3.6.0",
      "typescript": "4.3.5"
    }
  }

yarn manifest: 
  No manifest

Lockfile: 
  No lockfile
